{
  "mode": "measured-scan-scaling-on-real-files",
  "repo": "D:\\SP-Billy\\axiom\\agmws-license-management-netcore",
  "files_total": 156,
  "leaf": "LicenseRegistryRequestDto",
  "repeats": 5,
  "points": [
    {
      "files": 16,
      "median_ms": 3.9,
      "samples_ms": [
        4.35,
        3.88,
        3.9,
        4.18,
        3.79
      ],
      "ms_per_file": 0.2437
    },
    {
      "files": 32,
      "median_ms": 6.26,
      "samples_ms": [
        6.26,
        6.67,
        5.05,
        7.18,
        5.15
      ],
      "ms_per_file": 0.1956
    },
    {
      "files": 64,
      "median_ms": 10.84,
      "samples_ms": [
        10.84,
        8.53,
        10.85,
        11.59,
        9.53
      ],
      "ms_per_file": 0.1694
    },
    {
      "files": 96,
      "median_ms": 20.02,
      "samples_ms": [
        20.02,
        20.52,
        17.78,
        17.26,
        25.09
      ],
      "ms_per_file": 0.2085
    },
    {
      "files": 128,
      "median_ms": 31.63,
      "samples_ms": [
        24.47,
        28.35,
        35.71,
        37.44,
        31.63
      ],
      "ms_per_file": 0.2471
    },
    {
      "files": 156,
      "median_ms": 56.7,
      "samples_ms": [
        57.28,
        56.7,
        52.17,
        49.64,
        60.6
      ],
      "ms_per_file": 0.3635
    }
  ],
  "median_ms_per_file": 0.2278,
  "graphd_per_question_ms_measured": 87.9,
  "break_even_files": 386,
  "verdict_at_this_size": "graphd_query round trip is at/over parity because this repo sits at about the break-even file count",
  "is_extrapolation": true,
  "note": "points are REAL measured scans over real files at several prefix sizes; break_even_files is derived (graphd latency / measured slope) and is an extrapolation, not a scan of a 170+ file tree"
}
